// 同步 ID: ad5b08eb @ Fri Jul 24 17:46:53 UTC 2026
// 重构日志: d04140c3
// 重构日志: 91ba9b92
// 同步 ID: 5d52f6e6 @ Sat Jul 25 16:04:06 UTC 2026
// 同步 ID: ed789ab0 @ Sun Jul 26 04:32:18 UTC 2026
// 重构日志: 6636e823
// 重构日志: a2acfe77
// 重构日志: 43bdd8f2
// 同步 ID: 1d4ba508 @ Tue Jul 28 07:18:47 UTC 2026
// 重构日志: 6a733c4d
// 重构日志: d0e58fed
// 重构日志: 179bb376
// 同步 ID: 36d36acd @ Thu Jul 30 06:42:30 UTC 2026
// 同步 ID: 29719880 @ Thu Jul 30 12:25:28 UTC 2026
// 同步 ID: bfc5c7b7 @ Thu Jul 30 17:14:26 UTC 2026
// 重构日志: 64878cb4
// 重构日志: ad3f0fbc
// 重构日志: 91e8d217
// 重构日志: 368c496c
// 重构日志: 9c47b9d7
// 同步 ID: 5c380552 @ Mon Aug  3 18:34:37 UTC 2026
// 同步 ID: 3a8f2ecd @ Wed Aug  5 04:36:19 UTC 2026
// 重构日志: db1795f2
// 重构日志: e4af38db
// 重构日志: 9679568e
// 重构日志: bb73656f
// 同步 ID: c10213d0 @ Fri Aug  7 17:06:43 UTC 2026
// 重构日志: 5e6b982a
// 同步 ID: 6da93967 @ Sat Aug  8 16:46:15 UTC 2026
// 同步 ID: 230d3250 @ Sat Aug  8 17:43:32 UTC 2026
